// Bun Snapshot v1, https://goo.gl/fbAQLP

exports[`Tokenize 1`] = `
"key(string)
text(hello)"
`;

exports[`Tokenize 2`] = `
"key(chiffre affaires)
constant(20000) [unit: â‚¬/mois]"
`;

exports[`Tokenize 3`] = `
"key(localisation . ZFE)
boolean(true)"
`;

exports[`Tokenize 4`] = `
"reference(Ã¢ge)
operator(>=)
constant(6)"
`;
